// Jest Snapshot v1, https://goo.gl/fbAQLP

exports[`HeroSection component renders correctly 1`] = `
<div>
  <div
    class="hero"
  >
    <div
      class="hero-image"
    >
      <img
        alt="Globe"
        src="maps.png"
      />
    </div>
    <div
      class="hero-content"
    >
      <h1
        class="hero-title"
      >
        Worldwide Insights
      </h1>
    </div>
  </div>
</div>
`;
